2022-07-13 17:22:16,886:INFO:flipkrat.py:Url hitted
2022-07-13 17:22:17,019:INFO:flipkrat.py:login popup handled
2022-07-13 17:25:01,480:INFO:flipkrat.py:Url hitted
2022-07-13 17:25:01,620:INFO:flipkrat.py:login popup handled
2022-07-13 17:26:03,156:INFO:flipkrat.py:Url hitted
2022-07-13 17:26:03,284:INFO:flipkrat.py:login popup handled
2022-07-13 17:26:58,423:INFO:flipkrat.py:Url hitted
2022-07-13 17:26:58,560:INFO:flipkrat.py:login popup handled
2022-07-13 17:29:17,131:INFO:flipkrat.py:Url hitted
2022-07-13 17:29:17,255:INFO:flipkrat.py:login popup handled
2022-07-13 17:34:55,171:INFO:flipkrat.py:Url hitted
2022-07-13 17:34:55,306:INFO:flipkrat.py:login popup handled
2022-07-13 17:38:34,779:INFO:flipkrat.py:Url hitted
2022-07-13 17:38:34,919:INFO:flipkrat.py:login popup handled
2022-07-13 17:38:35,135:INFO:flipkrat.py:Search begins for ideapad
2022-07-13 17:59:37,044:INFO:flipkrat.py:Url hitted
2022-07-13 17:59:37,192:INFO:flipkrat.py:login popup handled
2022-07-13 17:59:37,410:INFO:flipkrat.py:Search begins for idea
2022-07-13 18:09:44,581:INFO:flipkrat.py:Url hitted
2022-07-13 18:09:44,716:INFO:flipkrat.py:login popup handled
2022-07-13 18:09:44,897:INFO:flipkrat.py:Search begins for idea
2022-07-13 18:17:03,743:INFO:flipkrat.py:Url hitted
2022-07-13 18:17:03,874:INFO:flipkrat.py:login popup handled
2022-07-13 18:17:04,110:INFO:flipkrat.py:Search begins for idea
2022-07-13 18:47:47,048:INFO:flipkrat.py:Url hitted
2022-07-13 18:47:47,189:INFO:flipkrat.py:login popup handled
2022-07-13 18:47:47,454:INFO:flipkrat.py:Search begins for idea
2022-07-13 18:52:02,306:INFO:flipkrat.py:Url hitted
2022-07-13 18:52:02,455:INFO:flipkrat.py:login popup handled
2022-07-13 18:52:02,707:INFO:flipkrat.py:Search begins for idea
2022-07-13 18:54:11,412:INFO:flipkrat.py:Url hitted
2022-07-13 18:54:11,587:INFO:flipkrat.py:login popup handled
2022-07-13 18:54:11,801:INFO:flipkrat.py:Search begins for idea
2022-07-13 19:12:27,895:INFO:flipkrat.py:Url hitted
2022-07-13 19:12:27,895:INFO:flipkrat.py:Url hitted
2022-07-13 19:12:28,035:INFO:flipkrat.py:login popup handled
2022-07-13 19:12:28,035:INFO:flipkrat.py:login popup handled
2022-07-13 19:12:28,228:INFO:flipkrat.py:Search begins for idea
2022-07-13 19:12:28,228:INFO:flipkrat.py:Search begins for idea
2022-07-13 19:31:48,824:INFO:flipkrat.py:Url hitted
2022-07-13 19:31:48,824:INFO:flipkrat.py:Url hitted
2022-07-13 19:31:48,959:INFO:flipkrat.py:login popup handled
2022-07-13 19:31:48,959:INFO:flipkrat.py:login popup handled
2022-07-13 19:31:49,162:INFO:flipkrat.py:Search begins for idea
2022-07-13 19:31:49,162:INFO:flipkrat.py:Search begins for idea
2022-07-13 19:32:18,508:INFO:flipkrat.py:Thread run completed
2022-07-13 19:32:18,508:INFO:flipkrat.py:Thread run completed
2022-07-13 19:38:00,551:INFO:flipkrat.py:Url hitted
2022-07-13 19:38:00,551:INFO:flipkrat.py:Url hitted
2022-07-13 19:38:00,711:INFO:flipkrat.py:login popup handled
2022-07-13 19:38:00,711:INFO:flipkrat.py:login popup handled
2022-07-13 19:38:00,908:INFO:flipkrat.py:Search begins for idea
2022-07-13 19:38:00,908:INFO:flipkrat.py:Search begins for idea
2022-07-13 19:43:15,302:INFO:flipkrat.py:Url hitted
2022-07-13 19:43:15,302:INFO:flipkrat.py:Url hitted
2022-07-13 19:43:15,429:INFO:flipkrat.py:login popup handled
2022-07-13 19:43:15,429:INFO:flipkrat.py:login popup handled
2022-07-13 19:43:15,618:INFO:flipkrat.py:Search begins for idea
2022-07-13 19:43:15,618:INFO:flipkrat.py:Search begins for idea
2022-07-13 19:43:44,797:INFO:flipkrat.py:Thread run completed
2022-07-13 19:43:44,797:INFO:flipkrat.py:Thread run completed
2022-07-13 19:48:58,766:INFO:flipkrat.py:Url hitted
2022-07-13 19:48:58,766:INFO:flipkrat.py:Url hitted
2022-07-13 19:48:58,902:INFO:flipkrat.py:login popup handled
2022-07-13 19:48:58,902:INFO:flipkrat.py:login popup handled
2022-07-13 19:48:59,097:INFO:flipkrat.py:Search begins for idea
2022-07-13 19:48:59,097:INFO:flipkrat.py:Search begins for idea
2022-07-13 19:50:17,445:INFO:flipkrat.py:Url hitted
2022-07-13 19:50:17,445:INFO:flipkrat.py:Url hitted
2022-07-13 19:50:17,598:INFO:flipkrat.py:login popup handled
2022-07-13 19:50:17,598:INFO:flipkrat.py:login popup handled
2022-07-13 19:50:17,805:INFO:flipkrat.py:Search begins for idea
2022-07-13 19:50:17,805:INFO:flipkrat.py:Search begins for idea
2022-07-13 19:50:32,530:INFO:flipkrat.py:data saved in scrapper file
2022-07-13 19:50:32,530:INFO:flipkrat.py:data saved in scrapper file
2022-07-13 19:51:30,450:INFO:flipkrat.py:Thread run completed
2022-07-13 19:51:30,450:INFO:flipkrat.py:Thread run completed
2022-07-13 19:54:14,866:INFO:flipkrat.py:Url hitted
2022-07-13 19:54:14,866:INFO:flipkrat.py:Url hitted
2022-07-13 19:54:15,008:INFO:flipkrat.py:login popup handled
2022-07-13 19:54:15,008:INFO:flipkrat.py:login popup handled
2022-07-13 19:54:15,202:INFO:flipkrat.py:Search begins for idea
2022-07-13 19:54:15,202:INFO:flipkrat.py:Search begins for idea
2022-07-13 19:54:29,712:INFO:flipkrat.py:data saved in scrapper file
2022-07-13 19:54:29,712:INFO:flipkrat.py:data saved in scrapper file
2022-07-13 19:55:49,814:INFO:flipkrat.py:Thread run completed
2022-07-13 19:55:49,814:INFO:flipkrat.py:Thread run completed
2022-07-13 20:01:51,679:INFO:flipkrat.py:Url hitted
2022-07-13 20:01:51,679:INFO:flipkrat.py:Url hitted
2022-07-13 20:01:51,826:INFO:flipkrat.py:login popup handled
2022-07-13 20:01:51,826:INFO:flipkrat.py:login popup handled
2022-07-13 20:01:52,087:INFO:flipkrat.py:Search begins for idea
2022-07-13 20:01:52,087:INFO:flipkrat.py:Search begins for idea
2022-07-13 20:02:06,885:INFO:flipkrat.py:Data saved in scrapper file
2022-07-13 20:02:06,885:INFO:flipkrat.py:Data saved in scrapper file
2022-07-13 20:42:33,252:INFO:flipkrat.py:Url hitted
2022-07-13 20:42:33,252:INFO:flipkrat.py:Url hitted
2022-07-13 20:42:33,401:INFO:flipkrat.py:login popup handled
2022-07-13 20:42:33,401:INFO:flipkrat.py:login popup handled
2022-07-13 20:42:33,656:INFO:flipkrat.py:Search begins for idea
2022-07-13 20:42:33,656:INFO:flipkrat.py:Search begins for idea
2022-07-13 20:42:59,730:INFO:flipkrat.py:Data saved in scrapper file
2022-07-13 20:42:59,730:INFO:flipkrat.py:Data saved in scrapper file
2022-07-13 21:15:54,786:INFO:flipkrat.py:Url hitted
2022-07-13 21:15:54,786:INFO:flipkrat.py:Url hitted
2022-07-13 21:15:54,941:INFO:flipkrat.py:login popup handled
2022-07-13 21:15:54,941:INFO:flipkrat.py:login popup handled
2022-07-13 21:15:55,143:INFO:flipkrat.py:Search begins for idea
2022-07-13 21:15:55,143:INFO:flipkrat.py:Search begins for idea
2022-07-13 21:16:20,987:INFO:flipkrat.py:data saved in scrapper file
2022-07-13 21:16:20,987:INFO:flipkrat.py:data saved in scrapper file
2022-07-13 21:19:19,428:INFO:flipkrat.py:Thread run completed
2022-07-13 21:19:19,428:INFO:flipkrat.py:Thread run completed
2022-07-13 22:11:55,593:INFO:flipkrat.py:Url hitted
2022-07-13 22:11:55,593:INFO:flipkrat.py:Url hitted
2022-07-13 22:11:55,757:INFO:flipkrat.py:login popup handled
2022-07-13 22:11:55,757:INFO:flipkrat.py:login popup handled
2022-07-13 22:11:56,017:INFO:flipkrat.py:Search begins for samsung
2022-07-13 22:11:56,017:INFO:flipkrat.py:Search begins for samsung
2022-07-13 22:12:47,391:INFO:flipkrat.py:Thread run completed
2022-07-13 22:12:47,391:INFO:flipkrat.py:Thread run completed
2022-07-13 22:40:29,210:INFO:flipkrat.py:Url hitted
2022-07-13 22:40:29,210:INFO:flipkrat.py:Url hitted
2022-07-13 22:40:29,338:INFO:flipkrat.py:login popup handled
2022-07-13 22:40:29,338:INFO:flipkrat.py:login popup handled
2022-07-13 22:40:29,548:INFO:flipkrat.py:Search begins for samsung
2022-07-13 22:40:29,548:INFO:flipkrat.py:Search begins for samsung
2022-07-13 22:40:44,198:INFO:flipkrat.py:Data saved in scrapper file
2022-07-13 22:40:44,198:INFO:flipkrat.py:Data saved in scrapper file
2022-07-13 22:47:39,673:INFO:flipkrat.py:Url hitted
2022-07-13 22:47:39,673:INFO:flipkrat.py:Url hitted
2022-07-13 22:47:39,813:INFO:flipkrat.py:login popup handled
2022-07-13 22:47:39,813:INFO:flipkrat.py:login popup handled
2022-07-13 22:47:40,063:INFO:flipkrat.py:Search begins for samsung
2022-07-13 22:47:40,063:INFO:flipkrat.py:Search begins for samsung
2022-07-13 22:47:54,517:INFO:flipkrat.py:Data saved in scrapper file
2022-07-13 22:47:54,517:INFO:flipkrat.py:Data saved in scrapper file
2022-07-13 22:58:29,333:INFO:flipkrat.py:Url hitted
2022-07-13 22:58:29,333:INFO:flipkrat.py:Url hitted
2022-07-13 22:58:29,493:INFO:flipkrat.py:login popup handled
2022-07-13 22:58:29,493:INFO:flipkrat.py:login popup handled
2022-07-13 22:58:29,783:INFO:flipkrat.py:Search begins for samsung
2022-07-13 22:58:29,783:INFO:flipkrat.py:Search begins for samsung
2022-07-13 22:58:44,376:INFO:flipkrat.py:Data saved in scrapper file
2022-07-13 22:58:44,376:INFO:flipkrat.py:Data saved in scrapper file
2022-07-13 23:10:57,098:INFO:flipkrat.py:Url hitted
2022-07-13 23:10:57,098:INFO:flipkrat.py:Url hitted
2022-07-13 23:10:57,249:INFO:flipkrat.py:login popup handled
2022-07-13 23:10:57,249:INFO:flipkrat.py:login popup handled
2022-07-13 23:10:57,483:INFO:flipkrat.py:Search begins for samsung
2022-07-13 23:10:57,483:INFO:flipkrat.py:Search begins for samsung
2022-07-13 23:11:11,882:INFO:flipkrat.py:Data saved in scrapper file
2022-07-13 23:11:11,882:INFO:flipkrat.py:Data saved in scrapper file
2022-07-13 23:12:26,382:INFO:flipkrat.py:Url hitted
2022-07-13 23:12:26,382:INFO:flipkrat.py:Url hitted
2022-07-13 23:12:26,541:INFO:flipkrat.py:login popup handled
2022-07-13 23:12:26,541:INFO:flipkrat.py:login popup handled
2022-07-13 23:12:26,797:INFO:flipkrat.py:Search begins for samsung
2022-07-13 23:12:26,797:INFO:flipkrat.py:Search begins for samsung
2022-07-13 23:12:41,078:INFO:flipkrat.py:Data saved in scrapper file
2022-07-13 23:12:41,078:INFO:flipkrat.py:Data saved in scrapper file
2022-07-15 10:57:48,866:INFO:flipkrat.py:Url hitted
2022-07-15 10:57:48,866:INFO:flipkrat.py:Url hitted
2022-07-15 10:57:49,020:INFO:flipkrat.py:login popup handled
2022-07-15 10:57:49,020:INFO:flipkrat.py:login popup handled
2022-07-15 10:57:49,279:INFO:flipkrat.py:Search begins for idea
2022-07-15 10:57:49,279:INFO:flipkrat.py:Search begins for idea
2022-07-15 10:58:15,107:INFO:flipkrat.py:Data saved in scrapper file
2022-07-15 10:58:15,107:INFO:flipkrat.py:Data saved in scrapper file
2022-07-15 11:26:56,455:INFO:flipkrat.py:Url hitted
2022-07-15 11:26:56,455:INFO:flipkrat.py:Url hitted
2022-07-15 11:26:56,596:INFO:flipkrat.py:login popup handled
2022-07-15 11:26:56,596:INFO:flipkrat.py:login popup handled
2022-07-15 11:26:56,811:INFO:flipkrat.py:Search begins for redmi7
2022-07-15 11:26:56,811:INFO:flipkrat.py:Search begins for redmi7
2022-07-15 11:28:13,673:INFO:flipkrat.py:Thread run completed
2022-07-15 11:28:13,673:INFO:flipkrat.py:Thread run completed
2022-07-15 11:30:18,312:INFO:flipkrat.py:Url hitted
2022-07-15 11:30:18,312:INFO:flipkrat.py:Url hitted
2022-07-15 11:30:18,462:INFO:flipkrat.py:login popup handled
2022-07-15 11:30:18,462:INFO:flipkrat.py:login popup handled
2022-07-15 11:30:18,699:INFO:flipkrat.py:Search begins for idea
2022-07-15 11:30:18,699:INFO:flipkrat.py:Search begins for idea
2022-07-15 11:30:33,110:INFO:flipkrat.py:Data saved in scrapper file
2022-07-15 11:30:33,110:INFO:flipkrat.py:Data saved in scrapper file
2022-07-15 11:40:10,017:INFO:flipkrat.py:Url hitted
2022-07-15 11:40:10,166:INFO:flipkrat.py:login popup handled
2022-07-15 11:40:10,368:INFO:flipkrat.py:Search begins for zebronic
2022-07-15 11:40:49,980:INFO:flipkrat.py:Thread run completed
2022-07-15 18:00:58,284:INFO:flipkrat.py:Url hitted
2022-07-15 18:00:58,776:INFO:flipkrat.py:login popup handled
2022-07-15 18:00:59,071:INFO:flipkrat.py:Search begins for idea
2022-07-15 18:01:28,562:INFO:flipkrat.py:Data saved in scrapper file
2022-07-15 19:15:54,497:INFO:flipkrat.py:Url hitted
2022-07-15 19:15:54,677:INFO:flipkrat.py:login popup handled
2022-07-15 19:15:54,939:INFO:flipkrat.py:Search begins for realme
2022-07-15 19:16:53,072:INFO:flipkrat.py:Thread run completed
2022-07-15 20:38:52,612:INFO:flipkrat.py:Url hitted
2022-07-15 20:38:52,743:INFO:flipkrat.py:login popup handled
2022-07-15 20:38:53,044:INFO:flipkrat.py:Search begins for idea
2022-07-15 20:39:25,464:INFO:flipkrat.py:Data saved in scrapper file
2022-07-15 20:40:24,302:INFO:flipkrat.py:Url hitted
2022-07-15 20:40:24,449:INFO:flipkrat.py:login popup handled
2022-07-15 20:40:24,648:INFO:flipkrat.py:Search begins for idea
2022-07-15 20:40:42,159:INFO:flipkrat.py:Data saved in scrapper file
2022-07-15 20:43:42,244:INFO:flipkrat.py:Url hitted
2022-07-15 20:43:42,372:INFO:flipkrat.py:login popup handled
2022-07-15 20:43:42,564:INFO:flipkrat.py:Search begins for idea
2022-07-15 20:44:00,884:INFO:flipkrat.py:Data saved in scrapper file
2022-07-15 21:54:38,817:INFO:flipkrat.py:Url hitted
2022-07-15 21:54:38,969:INFO:flipkrat.py:login popup handled
2022-07-15 21:54:39,236:INFO:flipkrat.py:Search begins for idea
2022-07-15 21:55:10,606:INFO:flipkrat.py:Data saved in scrapper file
2022-07-15 22:18:22,046:INFO:flipkrat.py:Url hitted
2022-07-15 22:18:22,216:INFO:flipkrat.py:login popup handled
2022-07-15 22:18:22,511:INFO:flipkrat.py:Search begins for idea
2022-07-15 22:18:40,595:INFO:flipkrat.py:Data saved in scrapper file
2022-07-15 22:20:57,122:INFO:flipkrat.py:Url hitted
2022-07-15 22:20:57,257:INFO:flipkrat.py:login popup handled
2022-07-15 22:20:57,451:INFO:flipkrat.py:Search begins for idea
2022-07-15 22:21:15,240:INFO:flipkrat.py:Data saved in scrapper file
2022-07-15 22:55:28,126:INFO:flipkrat.py:Url hitted
2022-07-15 22:55:28,269:INFO:flipkrat.py:login popup handled
2022-07-15 22:55:28,495:INFO:flipkrat.py:Search begins for idea
2022-07-15 22:55:46,271:INFO:flipkrat.py:Data saved in scrapper file
2022-07-15 22:57:54,408:INFO:flipkrat.py:Url hitted
2022-07-15 22:57:54,551:INFO:flipkrat.py:login popup handled
2022-07-15 22:57:54,750:INFO:flipkrat.py:Search begins for idea
2022-07-15 22:58:12,181:INFO:flipkrat.py:Data saved in scrapper file
2022-07-15 23:00:22,679:INFO:flipkrat.py:Url hitted
2022-07-15 23:00:22,819:INFO:flipkrat.py:login popup handled
2022-07-15 23:00:23,041:INFO:flipkrat.py:Search begins for idea
2022-07-15 23:00:40,532:INFO:flipkrat.py:Data saved in scrapper file
2022-07-15 23:02:10,049:INFO:flipkrat.py:Url hitted
2022-07-15 23:02:10,175:INFO:flipkrat.py:login popup handled
2022-07-15 23:02:10,353:INFO:flipkrat.py:Search begins for idea
2022-07-15 23:02:28,888:INFO:flipkrat.py:Data saved in scrapper file
2022-07-16 00:28:15,194:INFO:flipkrat.py:Url hitted
2022-07-16 00:28:15,340:INFO:flipkrat.py:login popup handled
2022-07-16 00:28:15,580:INFO:flipkrat.py:Search begins for idea
2022-07-16 00:28:45,390:INFO:flipkrat.py:Data saved in scrapper file
2022-07-16 00:31:26,890:INFO:flipkrat.py:Url hitted
2022-07-16 00:31:27,009:INFO:flipkrat.py:login popup handled
2022-07-16 00:31:27,191:INFO:flipkrat.py:Search begins for idea
2022-07-16 00:31:44,884:INFO:flipkrat.py:Data saved in scrapper file
2022-07-16 00:34:30,441:INFO:flipkrat.py:Url hitted
2022-07-16 00:34:30,607:INFO:flipkrat.py:login popup handled
2022-07-16 00:34:30,806:INFO:flipkrat.py:Search begins for idea
2022-07-16 00:34:48,400:INFO:flipkrat.py:Data saved in scrapper file
2022-07-16 00:42:11,615:INFO:flipkrat.py:Url hitted
2022-07-16 00:42:11,734:INFO:flipkrat.py:login popup handled
2022-07-16 00:42:11,952:INFO:flipkrat.py:Search begins for idea
2022-07-16 00:42:29,430:INFO:flipkrat.py:Data saved in scrapper file
2022-07-16 00:44:35,683:INFO:flipkrat.py:Url hitted
2022-07-16 00:44:35,845:INFO:flipkrat.py:login popup handled
2022-07-16 00:44:36,066:INFO:flipkrat.py:Search begins for idea
2022-07-16 00:44:55,761:INFO:flipkrat.py:Data saved in scrapper file
2022-07-16 00:50:35,959:INFO:flipkrat.py:Url hitted
2022-07-16 00:50:36,133:INFO:flipkrat.py:login popup handled
2022-07-16 00:50:36,345:INFO:flipkrat.py:Search begins for idea
2022-07-16 00:50:54,078:INFO:flipkrat.py:Data saved in scrapper file
2022-07-16 00:53:18,740:INFO:flipkrat.py:Url hitted
2022-07-16 00:53:18,903:INFO:flipkrat.py:login popup handled
2022-07-16 00:53:19,129:INFO:flipkrat.py:Search begins for idea
2022-07-16 00:53:37,163:INFO:flipkrat.py:Data saved in scrapper file
2022-07-16 00:54:46,224:INFO:flipkrat.py:Url hitted
2022-07-16 00:54:46,397:INFO:flipkrat.py:login popup handled
2022-07-16 00:54:46,634:INFO:flipkrat.py:Search begins for idea
2022-07-16 00:55:04,237:INFO:flipkrat.py:Data saved in scrapper file
2022-07-16 00:56:48,094:INFO:flipkrat.py:Url hitted
2022-07-16 00:56:48,260:INFO:flipkrat.py:login popup handled
2022-07-16 00:56:48,462:INFO:flipkrat.py:Search begins for idea
2022-07-16 00:57:06,509:INFO:flipkrat.py:Data saved in scrapper file
2022-07-16 01:01:24,724:INFO:flipkrat.py:Url hitted
2022-07-16 01:01:24,872:INFO:flipkrat.py:login popup handled
2022-07-16 01:01:25,131:INFO:flipkrat.py:Search begins for idea
2022-07-16 01:01:43,068:INFO:flipkrat.py:Data saved in scrapper file
2022-07-16 01:11:55,078:INFO:flipkrat.py:Url hitted
2022-07-16 01:11:55,264:INFO:flipkrat.py:login popup handled
2022-07-16 01:11:55,575:INFO:flipkrat.py:Search begins for idea
2022-07-16 01:12:13,298:INFO:flipkrat.py:Data saved in scrapper file
2022-07-16 01:18:01,751:INFO:flipkrat.py:Url hitted
2022-07-16 01:18:01,898:INFO:flipkrat.py:login popup handled
2022-07-16 01:18:02,096:INFO:flipkrat.py:Search begins for idea
2022-07-16 01:18:20,069:INFO:flipkrat.py:Data saved in scrapper file
2022-07-16 01:25:53,979:INFO:flipkrat.py:Url hitted
2022-07-16 01:25:54,201:INFO:flipkrat.py:login popup handled
2022-07-16 01:25:54,414:INFO:flipkrat.py:Search begins for idea
2022-07-16 01:26:12,427:INFO:flipkrat.py:Data saved in scrapper file
2022-07-16 01:27:05,571:INFO:flipkrat.py:Url hitted
2022-07-16 01:27:05,710:INFO:flipkrat.py:login popup handled
2022-07-16 01:27:05,901:INFO:flipkrat.py:Search begins for idea
2022-07-16 01:27:23,420:INFO:flipkrat.py:Data saved in scrapper file
2022-07-16 01:29:51,846:INFO:flipkrat.py:Url hitted
2022-07-16 01:29:51,996:INFO:flipkrat.py:login popup handled
2022-07-16 01:29:52,195:INFO:flipkrat.py:Search begins for idea
2022-07-16 01:30:09,669:INFO:flipkrat.py:Data saved in scrapper file
2022-07-16 01:31:23,877:INFO:flipkrat.py:Url hitted
2022-07-16 01:31:23,997:INFO:flipkrat.py:login popup handled
2022-07-16 01:31:24,187:INFO:flipkrat.py:Search begins for idea
2022-07-16 01:31:41,807:INFO:flipkrat.py:Data saved in scrapper file
2022-07-16 01:41:08,178:INFO:flipkrat.py:Url hitted
2022-07-16 01:41:08,354:INFO:flipkrat.py:login popup handled
2022-07-16 01:41:08,531:INFO:flipkrat.py:Search begins for idea
2022-07-16 01:41:26,158:INFO:flipkrat.py:Data saved in scrapper file
2022-07-16 01:56:56,803:INFO:flipkrat.py:Url hitted
2022-07-16 01:56:56,969:INFO:flipkrat.py:login popup handled
2022-07-16 01:56:57,148:INFO:flipkrat.py:Search begins for idea
2022-07-16 01:57:15,014:INFO:flipkrat.py:Data saved in scrapper file
2022-07-16 01:58:22,980:INFO:flipkrat.py:Url hitted
2022-07-16 01:58:23,128:INFO:flipkrat.py:login popup handled
2022-07-16 01:58:23,345:INFO:flipkrat.py:Search begins for idea
2022-07-16 01:58:41,597:INFO:flipkrat.py:Data saved in scrapper file
2022-07-16 01:59:50,766:INFO:flipkrat.py:Url hitted
2022-07-16 01:59:51,232:INFO:flipkrat.py:login popup handled
2022-07-16 01:59:51,443:INFO:flipkrat.py:Search begins for idea
2022-07-16 02:00:09,973:INFO:flipkrat.py:Data saved in scrapper file
